node.exe : FAIL src/fr
iends/friends.service.
spec.ts
At line:1 char:1
+ & "C:\Program Files\
nodejs/node.exe" "C:\U
sers\ABC\AppData\Roami
ng\np ...
+ ~~~~~~~~~~~~~~~~~~~~
~~~~~~~~~~~~~~~~~~~~~~
~~~~~~~~~~~~~~~~~~~~~~
~~~~~
    + CategoryInfo    
          : NotSpeci  
  fied: (FAIL src/f   
 riends/friends.se    
rvice.spec.ts:Str    
ing) [], RemoteEx    
ception
    + FullyQualifiedE 
   rrorId : NativeCo  
  mmandError
 
  FriendsService
    ├ù should be 
defined (25 ms)

  ΓùÅ FriendsService 
ΓÇ║ should be defined

    Nest can't 
resolve dependencies 
of the FriendsService 
(FriendshipRepository,
 UserRepository, ?). 
Please make sure that 
the argument "Enrollme
ntRepository" at 
index [2] is 
available in the 
RootTestModule 
context.

    Potential 
solutions:
    - Is 
RootTestModule a 
valid NestJS module?
    - If "EnrollmentRe
pository" is a 
provider, is it part 
of the current 
RootTestModule?
    - If "EnrollmentRe
pository" is exported 
from a separate 
@Module, is that 
module imported 
within RootTestModule?
      @Module({
        imports: [ /* 
the Module containing 
"EnrollmentRepository"
 */ ]
      })

    For more common 
dependency resolution 
issues, see: https://d
ocs.nestjs.com/faq/com
mon-errors

      16 |
      17 |     
beforeEach(async () 
=> {
    > 18 |         
const module: 
TestingModule = await 
Test.createTestingModu
le({
         |            
                      
     ^
      19 |            
 providers: [
      20 |            
     FriendsService,
      21 |            
     { provide: getRep
ositoryToken(Friendshi
p), useValue: 
mockRepo },

      at TestingInject
or.lookupComponentInPa
rentModules (../node_m
odules/@nestjs/core/in
jector/injector.js:286
:19)
      at TestingInject
or.resolveComponentWra
pper (../node_modules/
@nestjs/testing/testin
g-injector.js:19:45)
      at resolveParam 
(../node_modules/@nest
js/core/injector/injec
tor.js:140:38)
          at async 
Promise.all (index 2)
      at TestingInject
or.resolveConstructorP
arams (../node_modules
/@nestjs/core/injector
/injector.js:169:27)
      at TestingInject
or.loadInstance (../no
de_modules/@nestjs/cor
e/injector/injector.js
:75:13)
      at TestingInject
or.loadProvider (../no
de_modules/@nestjs/cor
e/injector/injector.js
:103:9)
      at ../node_modul
es/@nestjs/core/inject
or/instance-loader.js:
56:13
          at async 
Promise.all (index 3)
      at TestingInstan
ceLoader.createInstanc
esOfProviders (../node
_modules/@nestjs/core/
injector/instance-load
er.js:55:9)
      at ../node_modul
es/@nestjs/core/inject
or/instance-loader.js:
40:13
          at async 
Promise.all (index 1)
      at TestingInstan
ceLoader.createInstanc
es (../node_modules/@n
estjs/core/injector/in
stance-loader.js:39:9)
      at TestingInstan
ceLoader.createInstanc
esOfDependencies (../n
ode_modules/@nestjs/co
re/injector/instance-l
oader.js:22:13)
      at TestingInstan
ceLoader.createInstanc
esOfDependencies (../n
ode_modules/@nestjs/te
sting/testing-instance
-loader.js:9:9)
      at TestingModule
Builder.createInstance
sOfDependencies (../no
de_modules/@nestjs/tes
ting/testing-module.bu
ilder.js:118:9)
      at TestingModule
Builder.compile (../no
de_modules/@nestjs/tes
ting/testing-module.bu
ilder.js:74:9)
      at 
Object.<anonymous> (fr
iends/friends.service.
spec.ts:18:39)

Test Suites: 1 
failed, 1 total
Tests:       1 
failed, 1 total
Snapshots:   0 total
Time:        4.181 s
Ran all test suites 
matching src/friends/f
riends.service.spec.ts
.
